// Vitest Snapshot v1, https://vitest.dev/guide/snapshot.html

exports[`should be a large button when passed the size as large > __snapshots__/BaseButton.snap 1`] = `"<div data-v-44e60b58=\\"\\" style=\\"width: max-content;\\"><button data-v-44e60b58=\\"\\" class=\\"base-button btn-large btn-primary base-button-transition base-button-hover\\" title=\\"\\"><span data-v-44e60b58=\\"\\" class=\\"base-button-content\\"><!--v-if-->Label<!--v-if--></span></button></div>"`;

exports[`should be a medium button when passed the size as medium > __snapshots__/BaseButton.snap 1`] = `"<div data-v-44e60b58=\\"\\" style=\\"width: max-content;\\"><button data-v-44e60b58=\\"\\" class=\\"base-button btn-medium btn-primary base-button-transition base-button-hover\\" title=\\"\\"><span data-v-44e60b58=\\"\\" class=\\"base-button-content\\"><!--v-if-->Label<!--v-if--></span></button></div>"`;

exports[`should be a small button when passed the size as small > __snapshots__/BaseButton.snap 1`] = `"<div data-v-44e60b58=\\"\\" style=\\"width: max-content;\\"><button data-v-44e60b58=\\"\\" class=\\"base-button btn-small btn-primary base-button-transition base-button-hover\\" title=\\"\\"><span data-v-44e60b58=\\"\\" class=\\"base-button-content\\"><!--v-if-->Label<!--v-if--></span></button></div>"`;

exports[`should have attribute disabled when the disabled props is true > __snapshots__/BaseButton.snap 1`] = `"<div data-v-44e60b58=\\"\\" style=\\"width: max-content;\\"><button data-v-44e60b58=\\"\\" class=\\"base-button btn-medium btn-primary base-button-transition base-button-hover\\" disabled=\\"\\" title=\\"This button is disabled.\\"><span data-v-44e60b58=\\"\\" class=\\"base-button-content\\"><!--v-if-->Label<!--v-if--></span></button></div>"`;

exports[`should match content snapshot using default template > __snapshots__/BaseButton.snap 1`] = `"<div data-v-44e60b58=\\"\\" style=\\"width: max-content;\\"><button data-v-44e60b58=\\"\\" class=\\"base-button btn-medium btn-primary base-button-transition base-button-hover\\" title=\\"\\"><span data-v-44e60b58=\\"\\" class=\\"base-button-content\\"><!--v-if-->Label<!--v-if--></span></button></div>"`;

exports[`should show leftIcon and rightIcon when it is passed as parameter > __snapshots__/BaseButton.snap 1`] = `"<div data-v-44e60b58=\\"\\" style=\\"width: max-content;\\"><button data-v-44e60b58=\\"\\" class=\\"base-button btn-medium btn-primary base-button-transition base-button-hover\\" title=\\"\\"><span data-v-44e60b58=\\"\\" class=\\"base-button-content\\"><i data-v-44e60b58=\\"\\" class=\\"fa fa-check\\" data-test-id=\\"left-icon\\"></i>Label<i data-v-44e60b58=\\"\\" class=\\"fa fa-whatsapp\\" data-test-id=\\"right-icon\\"></i></span></button></div>"`;

exports[`should show the button with spinner when the props loading is true > __snapshots__/BaseButton.snap 1`] = `"<div data-v-44e60b58=\\"\\" style=\\"width: max-content;\\"><button data-v-44e60b58=\\"\\" class=\\"base-button btn-medium btn-primary base-button-transition base-button-hover\\" title=\\"\\"><span data-v-44e60b58=\\"\\"><div data-v-44e60b58=\\"\\" class=\\"spinner spinner-small\\" data-test-id=\\"spinner\\"><div></div><div></div><div></div></div></span></button></div>"`;

exports[`should use my label when passed it as slot > __snapshots__/BaseButton.snap 1`] = `"<div data-v-44e60b58=\\"\\" style=\\"width: max-content;\\"><button data-v-44e60b58=\\"\\" class=\\"base-button btn-medium btn-primary base-button-transition base-button-hover\\" title=\\"\\"><span data-v-44e60b58=\\"\\" class=\\"base-button-content\\"><!--v-if-->My custom label<!--v-if--></span></button></div>"`;
